[INFO] Scanning for projects...
[INFO] 
[INFO] -----------------< com.highcore:highcore-discord-bot >------------------
[INFO] Building Highcore Agency Discord Bot 1.1.0
[INFO]   from pom.xml
[INFO] --------------------------------[ jar ]---------------------------------
[INFO] 
[INFO] --- clean:3.2.0:clean (default-clean) @ highcore-discord-bot ---
[INFO] Deleting C:\Users\omars\Downloads\highcore-bot-v14\highcore-bot\target
[INFO] 
[INFO] --- resources:3.4.0:resources (default-resources) @ highcore-discord-bot ---
[INFO] Copying 2 resources from src\main\resources to target\classes
[INFO] 
[INFO] --- compiler:3.11.0:compile (default-compile) @ highcore-discord-bot ---
[INFO] Changes detected - recompiling the module! :source
[INFO] Compiling 41 source files with javac [debug deprecation target 17] to target\classes
[INFO] -------------------------------------------------------------
[ERROR] COMPILATION ERROR : 
[INFO] -------------------------------------------------------------
[ERROR] /C:/Users/omars/Downloads/highcore-bot-v14/highcore-bot/src/main/java/com/highcore/bot/services/TicketReminderService.java:[89,21] cannot find symbol
  symbol:   class Container
  location: class com.highcore.bot.services.TicketReminderService
[ERROR] /C:/Users/omars/Downloads/highcore-bot-v14/highcore-bot/src/main/java/com/highcore/bot/listeners/WelcomeListener.java:[65,81] incompatible types: net.dv8tion.jda.api.components.container.Container cannot be converted to net.dv8tion.jda.api.entities.MessageEmbed
[ERROR] /C:/Users/omars/Downloads/highcore-bot-v14/highcore-bot/src/main/java/com/highcore/bot/listeners/WelcomeListener.java:[85,81] incompatible types: net.dv8tion.jda.api.components.container.Container cannot be converted to net.dv8tion.jda.api.entities.MessageEmbed
[ERROR] /C:/Users/omars/Downloads/highcore-bot-v14/highcore-bot/src/main/java/com/highcore/bot/utils/EmbedUtil.java:[29,37] cannot find symbol
  symbol:   method create(java.lang.String)
  location: interface net.dv8tion.jda.api.components.textdisplay.TextDisplay
[ERROR] /C:/Users/omars/Downloads/highcore-bot-v14/highcore-bot/src/main/java/com/highcore/bot/utils/EmbedUtil.java:[30,25] cannot find symbol
  symbol:   method create(java.lang.String)
  location: interface net.dv8tion.jda.api.components.container.Container
[ERROR] /C:/Users/omars/Downloads/highcore-bot-v14/highcore-bot/src/main/java/com/highcore/bot/api/RestApiServer.java:[124,24] no suitable method found for sendMessageEmbeds(net.dv8tion.jda.api.components.container.Container)
    method net.dv8tion.jda.api.entities.channel.middleman.MessageChannel.sendMessageEmbeds(net.dv8tion.jda.api.entities.MessageEmbed,net.dv8tion.jda.api.entities.MessageEmbed...) is not applicable
      (argument mismatch; net.dv8tion.jda.api.components.container.Container cannot be converted to net.dv8tion.jda.api.entities.MessageEmbed)
    method net.dv8tion.jda.api.entities.channel.middleman.MessageChannel.sendMessageEmbeds(java.util.Collection<? extends net.dv8tion.jda.api.entities.MessageEmbed>) is not applicable
      (argument mismatch; net.dv8tion.jda.api.components.container.Container cannot be converted to java.util.Collection<? extends net.dv8tion.jda.api.entities.MessageEmbed>)
[ERROR] /C:/Users/omars/Downloads/highcore-bot-v14/highcore-bot/src/main/java/com/highcore/bot/api/RestApiServer.java:[276,16] no suitable method found for sendMessageEmbeds(net.dv8tion.jda.api.components.container.Container)
    method net.dv8tion.jda.api.entities.channel.middleman.MessageChannel.sendMessageEmbeds(net.dv8tion.jda.api.entities.MessageEmbed,net.dv8tion.jda.api.entities.MessageEmbed...) is not applicable
      (argument mismatch; net.dv8tion.jda.api.components.container.Container cannot be converted to net.dv8tion.jda.api.entities.MessageEmbed)
    method net.dv8tion.jda.api.entities.channel.middleman.MessageChannel.sendMessageEmbeds(java.util.Collection<? extends net.dv8tion.jda.api.entities.MessageEmbed>) is not applicable
      (argument mismatch; net.dv8tion.jda.api.components.container.Container cannot be converted to java.util.Collection<? extends net.dv8tion.jda.api.entities.MessageEmbed>)
[INFO] 7 errors 
[INFO] -------------------------------------------------------------
[INFO] ------------------------------------------------------------------------
[INFO] BUILD FAILURE
[INFO] ------------------------------------------------------------------------
[INFO] Total time:  3.703 s
[INFO] Finished at: 2026-04-09T23:39:21+03:00
[INFO] ------------------------------------------------------------------------
[ERROR] Failed to execute goal org.apache.maven.plugins:maven-compiler-plugin:3.11.0:compile (default-compile) on project highcore-discord-bot: Compilation failure: Compilation failure: 
[ERROR] /C:/Users/omars/Downloads/highcore-bot-v14/highcore-bot/src/main/java/com/highcore/bot/services/TicketReminderService.java:[89,21] cannot find symbol
[ERROR]   symbol:   class Container
[ERROR]   location: class com.highcore.bot.services.TicketReminderService
[ERROR] /C:/Users/omars/Downloads/highcore-bot-v14/highcore-bot/src/main/java/com/highcore/bot/listeners/WelcomeListener.java:[65,81] incompatible types: net.dv8tion.jda.api.components.container.Container cannot be converted to net.dv8tion.jda.api.entities.MessageEmbed
[ERROR] /C:/Users/omars/Downloads/highcore-bot-v14/highcore-bot/src/main/java/com/highcore/bot/listeners/WelcomeListener.java:[85,81] incompatible types: net.dv8tion.jda.api.components.container.Container cannot be converted to net.dv8tion.jda.api.entities.MessageEmbed
[ERROR] /C:/Users/omars/Downloads/highcore-bot-v14/highcore-bot/src/main/java/com/highcore/bot/utils/EmbedUtil.java:[29,37] cannot find symbol
[ERROR]   symbol:   method create(java.lang.String)
[ERROR]   location: interface net.dv8tion.jda.api.components.textdisplay.TextDisplay
[ERROR] /C:/Users/omars/Downloads/highcore-bot-v14/highcore-bot/src/main/java/com/highcore/bot/utils/EmbedUtil.java:[30,25] cannot find symbol
[ERROR]   symbol:   method create(java.lang.String)
[ERROR]   location: interface net.dv8tion.jda.api.components.container.Container
[ERROR] /C:/Users/omars/Downloads/highcore-bot-v14/highcore-bot/src/main/java/com/highcore/bot/api/RestApiServer.java:[124,24] no suitable method found for sendMessageEmbeds(net.dv8tion.jda.api.components.container.Container)
[ERROR]     method net.dv8tion.jda.api.entities.channel.middleman.MessageChannel.sendMessageEmbeds(net.dv8tion.jda.api.entities.MessageEmbed,net.dv8tion.jda.api.entities.MessageEmbed...) is not applicable
[ERROR]       (argument mismatch; net.dv8tion.jda.api.components.container.Container cannot be converted to net.dv8tion.jda.api.entities.MessageEmbed)
[ERROR]     method net.dv8tion.jda.api.entities.channel.middleman.MessageChannel.sendMessageEmbeds(java.util.Collection<? extends net.dv8tion.jda.api.entities.MessageEmbed>) is not applicable
[ERROR]       (argument mismatch; net.dv8tion.jda.api.components.container.Container cannot be converted to java.util.Collection<? extends net.dv8tion.jda.api.entities.MessageEmbed>)
[ERROR] /C:/Users/omars/Downloads/highcore-bot-v14/highcore-bot/src/main/java/com/highcore/bot/api/RestApiServer.java:[276,16] no suitable method found for sendMessageEmbeds(net.dv8tion.jda.api.components.container.Container)
[ERROR]     method net.dv8tion.jda.api.entities.channel.middleman.MessageChannel.sendMessageEmbeds(net.dv8tion.jda.api.entities.MessageEmbed,net.dv8tion.jda.api.entities.MessageEmbed...) is not applicable
[ERROR]       (argument mismatch; net.dv8tion.jda.api.components.container.Container cannot be converted to net.dv8tion.jda.api.entities.MessageEmbed)
[ERROR]     method net.dv8tion.jda.api.entities.channel.middleman.MessageChannel.sendMessageEmbeds(java.util.Collection<? extends net.dv8tion.jda.api.entities.MessageEmbed>) is not applicable
[ERROR]       (argument mismatch; net.dv8tion.jda.api.components.container.Container cannot be converted to java.util.Collection<? extends net.dv8tion.jda.api.entities.MessageEmbed>)
[ERROR] -> [Help 1]
[ERROR] 
[ERROR] To see the full stack trace of the errors, re-run Maven with the -e switch.
[ERROR] Re-run Maven using the -X switch to enable full debug logging.
[ERROR] 
[ERROR] For more information about the errors and possible solutions, please read the following articles:
[ERROR] [Help 1] http://cwiki.apache.org/confluence/display/MAVEN/MojoFailureException
